src/components/entities/EntityViewDialog.tsx(283,54): error TS18048: 'entity.originacao' is possibly 'undefined'.
src/components/entities/FarmViewDialog.tsx(233,91): error TS2339: Property 'replace' does not exist on type 'string | number'.
  Property 'replace' does not exist on type 'number'.
src/components/entities/FarmViewDialog.tsx(233,124): error TS2339: Property 'replace' does not exist on type 'string | number'.
  Property 'replace' does not exist on type 'number'.
src/components/entities/ReportCenter.tsx(39,5): error TS2353: Object literal may only specify known properties, and 'title' does not exist in type 'AuditReportMetadata'.
src/components/entities/ReportCenter.tsx(47,5): error TS2353: Object literal may only specify known properties, and 'title' does not exist in type 'AuditReportMetadata'.
src/components/entities/ReportCenter.tsx(55,5): error TS2353: Object literal may only specify known properties, and 'title' does not exist in type 'AuditReportMetadata'.
src/components/entities/ReportCenter.tsx(193,26): error TS2339: Property 'icon' does not exist on type 'AuditReportMetadata'.
src/components/entities/ReportCenter.tsx(196,104): error TS2339: Property 'title' does not exist on type 'AuditReportMetadata'.
src/components/entities/ReportCenter.tsx(197,98): error TS2339: Property 'description' does not exist on type 'AuditReportMetadata'.
src/components/entities/ReportCenter.tsx(264,108): error TS2339: Property 'title' does not exist on type 'AuditReportMetadata'.
src/components/entities/ReportCenter.tsx(309,29): error TS2339: Property 'template' does not exist on type 'AuditReportMetadata'.
src/components/entities/ReportCenter.tsx(322,44): error TS2339: Property 'template' does not exist on type 'AuditReportMetadata'.
