.next/types/app/associacoes/page.ts(2,24): error TS2307: Cannot find module '../../../../src/app/associacoes/page.js' or its corresponding type declarations.
.next/types/app/associacoes/page.ts(5,29): error TS2307: Cannot find module '../../../../src/app/associacoes/page.js' or its corresponding type declarations.
src/app/settings/page.tsx(91,22): error TS2339: Property 'cargo' does not exist on type 'WithId<User>'.
src/app/settings/page.tsx(92,20): error TS2339: Property 'cpf' does not exist on type 'WithId<User>'.
src/app/settings/page.tsx(164,101): error TS2353: Object literal may only specify known properties, and 'status' does not exist in type 'User'.
src/app/settings/page.tsx(165,91): error TS2353: Object literal may only specify known properties, and 'status' does not exist in type 'User'.
src/app/settings/page.tsx(448,87): error TS2339: Property 'status' does not exist on type 'WithId<User>'.
src/app/settings/page.tsx(448,132): error TS2339: Property 'status' does not exist on type 'WithId<User>'.
src/app/settings/page.tsx(449,124): error TS2339: Property 'status' does not exist on type 'WithId<User>'.
src/components/dashboard/MovementList.tsx(51,22): error TS2339: Property 'duplicado' does not exist on type 'Movimento'.
src/components/dashboard/MovementList.tsx(55,25): error TS2339: Property 'validado' does not exist on type 'Movimento'.
src/components/dashboard/StatusBadge.tsx(2,10): error TS2305: Module '"@/lib/types"' has no exported member 'OrderStatus'.
src/components/entities/EntityEditDialog.tsx(306,11): error TS2322: Type '({ id: string; data: string; plataforma: string; disponivel: number; reservado: number; bloqueado: number; aposentado: number; dist?: undefined; valorCredito?: undefined; valorDebito?: undefined; ... 8 more ...; observacaoTransacao?: undefined; } | { ...; } | { ...; } | { ...; } | { ...; })[]' is not assignable to type 'RegistroTabela[]'.
  Type '{ id: string; data: string; plataforma: string; disponivel: number; reservado: number; bloqueado: number; aposentado: number; dist?: undefined; valorCredito?: undefined; valorDebito?: undefined; ... 8 more ...; observacaoTransacao?: undefined; } | { ...; } | { ...; } | { ...; } | { ...; }' is not assignable to type 'RegistroTabela'.
    Type '{ id: string; data: string; plataforma: string; disponivel: number; reservado: number; bloqueado: number; aposentado: number; dist?: undefined; valorCredito?: undefined; valorDebito?: undefined; valor?: undefined; ... 7 more ...; observacaoTransacao?: undefined; }' is not assignable to type 'RegistroTabela'.
      Types of property 'valor' are incompatible.
        Type 'undefined' is not assignable to type 'number'.
src/components/entities/EntityEditDialog.tsx(907,43): error TS2339: Property 'observacaoFazenda' does not exist on type 'Partial<EntidadeSaldo>'.
src/components/entities/EntityEditDialog.tsx(908,69): error TS2353: Object literal may only specify known properties, and 'observacaoFazenda' does not exist in type 'SetStateAction<Partial<EntidadeSaldo>>'.
src/components/entities/EntityEditDialog.tsx(964,43): error TS2339: Property 'observacao' does not exist on type 'Partial<EntidadeSaldo>'.
src/components/entities/EntityEditDialog.tsx(965,69): error TS2353: Object literal may only specify known properties, and 'observacao' does not exist in type 'SetStateAction<Partial<EntidadeSaldo>>'.
src/components/entities/EntityViewDialog.tsx(204,29): error TS2339: Property 'lat' does not exist on type 'EntidadeSaldo'.
src/components/entities/EntityViewDialog.tsx(206,96): error TS2339: Property 'lat' does not exist on type 'EntidadeSaldo'.
src/components/entities/EntityViewDialog.tsx(206,136): error TS2339: Property 'long' does not exist on type 'EntidadeSaldo'.
src/components/entities/EntityViewDialog.tsx(211,39): error TS2339: Property 'lat' does not exist on type 'EntidadeSaldo'.
src/components/entities/EntityViewDialog.tsx(211,53): error TS2339: Property 'long' does not exist on type 'EntidadeSaldo'.
src/components/entities/EntityViewDialog.tsx(225,65): error TS2339: Property 'isin' does not exist on type 'EntidadeSaldo'.
src/components/entities/EntityViewDialog.tsx(226,69): error TS2551: Property 'hashOriginacao' does not exist on type 'EntidadeSaldo'. Did you mean 'originacao'?
src/components/entities/EntityViewDialog.tsx(263,29): error TS2339: Property 'observacao' does not exist on type 'EntidadeSaldo'.
src/components/entities/EntityViewDialog.tsx(283,54): error TS18048: 'entity.originacao' is possibly 'undefined'.
src/components/entities/FarmViewDialog.tsx(231,29): error TS2339: Property 'lat' does not exist on type 'EntidadeSaldo'.
src/components/entities/FarmViewDialog.tsx(231,43): error TS2339: Property 'long' does not exist on type 'EntidadeSaldo'.
src/components/entities/FarmViewDialog.tsx(233,87): error TS2339: Property 'lat' does not exist on type 'EntidadeSaldo'.
src/components/entities/FarmViewDialog.tsx(233,119): error TS2339: Property 'long' does not exist on type 'EntidadeSaldo'.
src/components/entities/FarmViewDialog.tsx(238,31): error TS2339: Property 'lat' does not exist on type 'EntidadeSaldo'.
src/components/entities/FarmViewDialog.tsx(238,45): error TS2339: Property 'long' does not exist on type 'EntidadeSaldo'.
src/components/entities/FarmViewDialog.tsx(357,25): error TS2339: Property 'observacaoFazenda' does not exist on type 'EntidadeSaldo'.
src/components/entities/ProducerViewDialog.tsx(230,33): error TS2339: Property 'lat' does not exist on type 'EntidadeSaldo'.
src/components/entities/ProducerViewDialog.tsx(232,100): error TS2339: Property 'lat' does not exist on type 'EntidadeSaldo'.
src/components/entities/ProducerViewDialog.tsx(232,138): error TS2339: Property 'long' does not exist on type 'EntidadeSaldo'.
src/components/entities/ProducerViewDialog.tsx(238,43): error TS2339: Property 'lat' does not exist on type 'EntidadeSaldo'.
src/components/entities/ProducerViewDialog.tsx(238,55): error TS2339: Property 'long' does not exist on type 'EntidadeSaldo'.
src/components/entities/ProducerViewDialog.tsx(243,62): error TS2339: Property 'isin' does not exist on type 'EntidadeSaldo'.
src/components/entities/ProducerViewDialog.tsx(244,73): error TS2551: Property 'hashOriginacao' does not exist on type 'EntidadeSaldo'. Did you mean 'originacao'?
src/components/entities/ProducerViewDialog.tsx(244,98): error TS2551: Property 'hashOriginacao' does not exist on type 'EntidadeSaldo'. Did you mean 'originacao'?
src/components/entities/ProducerViewDialog.tsx(291,29): error TS2339: Property 'observacao' does not exist on type 'EntidadeSaldo'.
src/components/entities/ReportCenter.tsx(29,25): error TS2305: Module '"@/lib/types"' has no exported member 'ReportType'.
src/components/entities/ReportCenter.tsx(29,37): error TS2305: Module '"@/lib/types"' has no exported member 'AuditReportMetadata'.
src/components/entities/ReportCenter.tsx(215,31): error TS2339: Property 'cpf' does not exist on type 'User'.
src/components/entities/ReportCenter.tsx(217,34): error TS2339: Property 'cpf' does not exist on type 'User'.
src/components/entities/ReportCenter.tsx(217,90): error TS2339: Property 'cargo' does not exist on type 'User'.
src/components/entities/reports/EntityAuditReport.tsx(76,102): error TS2339: Property 'lat' does not exist on type 'EntidadeSaldo'.
src/components/entities/reports/EntityAuditReport.tsx(76,123): error TS2339: Property 'long' does not exist on type 'EntidadeSaldo'.
src/components/entities/reports/EntityAuditReport.tsx(121,16): error TS2339: Property 'observacao' does not exist on type 'EntidadeSaldo'.
src/components/entities/reports/EntityAuditReport.tsx(128,21): error TS2339: Property 'observacao' does not exist on type 'EntidadeSaldo'.
src/components/entities/reports/EntityAuditReport.tsx(132,27): error TS2339: Property 'observacao' does not exist on type 'EntidadeSaldo'.
src/components/entities/reports/EntityAuditReport.tsx(199,94): error TS2339: Property 'lat' does not exist on type 'EntidadeSaldo'.
src/components/entities/reports/EntityAuditReport.tsx(199,115): error TS2339: Property 'long' does not exist on type 'EntidadeSaldo'.
src/components/entities/reports/FarmAuditReport.tsx(53,109): error TS2339: Property 'lat' does not exist on type 'EntidadeSaldo'.
src/components/entities/reports/FarmAuditReport.tsx(53,123): error TS2339: Property 'long' does not exist on type 'EntidadeSaldo'.
src/components/fazendas/FarmMap.tsx(47,48): error TS2345: Argument of type 'number' is not assignable to parameter of type 'string'.
src/components/fazendas/FarmMap.tsx(47,73): error TS2345: Argument of type 'number' is not assignable to parameter of type 'string'.
src/components/fazendas/FazendaBulkImport.tsx(5,19): error TS2305: Module '"@/lib/types"' has no exported member 'FazendaProprietario'.
src/components/fazendas/FazendaBulkImport.tsx(113,9): error TS2322: Type 'string' is not assignable to type 'number'.
src/components/fazendas/FazendaBulkImport.tsx(114,9): error TS2322: Type 'string' is not assignable to type 'number'.
src/components/fazendas/FazendaForm.tsx(9,19): error TS2305: Module '"@/lib/types"' has no exported member 'FazendaProprietario'.
src/components/fazendas/FazendaForm.tsx(37,5): error TS2322: Type 'string' is not assignable to type 'number'.
src/components/fazendas/FazendaForm.tsx(38,5): error TS2322: Type 'string' is not assignable to type 'number'.
src/components/fazendas/FazendaForm.tsx(57,32): error TS2322: Type 'string' is not assignable to type 'number'.
src/components/fazendas/FazendaForm.tsx(57,41): error TS2322: Type 'string' is not assignable to type 'number'.
src/components/fazendas/FazendaForm.tsx(267,83): error TS2322: Type 'string' is not assignable to type 'number'.
src/components/fazendas/FazendaForm.tsx(272,84): error TS2322: Type 'string' is not assignable to type 'number'.
